// Jest Snapshot v1, https://goo.gl/fbAQLP

exports[`Rarible ERC721 should be able to fetch and parse metadata for token id: 30105810670306411381802272225292624615592980350863712708305530245480406056962 on network: 1 1`] = `
Object {
  "attributes": Array [
    Object {
      "trait_type": "Creator's Handle",
      "value": "mynamebrody",
    },
    Object {
      "trait_type": "Permalink",
      "value": "https://www.instagram.com/p/CLZ-xK7liM4/",
    },
    Object {
      "trait_type": "Created Date",
      "value": "2021-02-17T20:00:18+0000",
    },
    Object {
      "trait_type": "Platform",
      "value": "Instagram",
    },
  ],
  "contentURL": "https://ipfs.fleek.co/ipfs/QmcPsUASuDWuxbpoXPjgBrS6UHuxEdp3ZFwM88dKYsvTVH",
  "contentURLMimeType": "image/jpeg",
  "description": "❄️ Winter Daze ☀️ #aryaeverywhere",
  "externalURL": "https://coconft.com/p/17877779234167542",
  "metadata": Object {
    "attributes": Array [
      Object {
        "trait_type": "Creator's Handle",
        "value": "mynamebrody",
      },
      Object {
        "trait_type": "Permalink",
        "value": "https://www.instagram.com/p/CLZ-xK7liM4/",
      },
      Object {
        "trait_type": "Created Date",
        "value": "2021-02-17T20:00:18+0000",
      },
      Object {
        "trait_type": "Platform",
        "value": "Instagram",
      },
    ],
    "description": "❄️ Winter Daze ☀️ #aryaeverywhere",
    "external_url": "https://coconft.com/p/17877779234167542",
    "image": "https://gateway.pinata.cloud/ipfs/QmcPsUASuDWuxbpoXPjgBrS6UHuxEdp3ZFwM88dKYsvTVH",
    "name": "mynamebrody #17877779234167542",
  },
  "name": "mynamebrody #17877779234167542",
  "networkId": 1,
  "tokenAddress": "0xF6793dA657495ffeFF9Ee6350824910Abc21356C",
  "tokenId": "30105810670306411381802272225292624615592980350863712708305530245480406056962",
  "tokenURI": "ipfs://ipfs/QmfHrsEpXXrvi2dTTNake723kkMapDQXeuYDsVmSRdsQNH",
  "tokenURL": "https://ipfs.fleek.co/ipfs/QmfHrsEpXXrvi2dTTNake723kkMapDQXeuYDsVmSRdsQNH",
  "tokenURLMimeType": "application/json",
}
`;
